<html>
<body>
<pre>
<h1>µVision Build Log</h1>
<h2>Project:</h2>
C:\Keil\Labware\Lab6_BranchingFunctionsDelays\Lab6.uvproj
Project File Date:  03/31/2020

<h2>Output:</h2>
Build target 'Lab6'
compiling BranchingFunctionsDelays.c...
linking...
Program Size: Code=3712 RO-data=5996 RW-data=60 ZI-data=1756  
".\Lab6.axf" - 0 Error(s), 0 Warning(s).
s.c: 1 warning, 0 errors
linking...
Program Size: Code=3648 RO-data=5996 RW-data=56 ZI-data=1752  
".\Lab6.axf" - 0 Error(s), 1 Warning(s).
0 Error(s), 1 Warning(s).
: Code=3648 RO-data=5996 RW-data=56 ZI-data=1752  
".\Lab6.axf" - 0 Error(s), 2 Warning(s).
